PB conencoder_fixpt_tb_pkg conencoder_fixpt_tb_pkg ConEncoder_fixpt_tb_pkg.vhd sub00/vhpl04 1625682006
EN conencoder_fixpt NULL ConEncoder_fixpt.vhd sub00/vhpl01 1625682005
AR conencoder_fixpt_tb rtl ConEncoder_fixpt_tb.vhd sub00/vhpl06 1625682007
PH conencoder_fixpt_tb_pkg NULL ConEncoder_fixpt_tb_pkg.vhd sub00/vhpl03 1625682005
AR conencoder_fixpt rtl ConEncoder_fixpt.vhd sub00/vhpl02 1625682006
PH conencoder_fixpt_pkg NULL ConEncoder_fixpt_pkg.vhd sub00/vhpl00 1625682004
EN conencoder_fixpt_tb NULL ConEncoder_fixpt_tb.vhd sub00/vhpl05 1625682006
