EN viterbi NULL "C:/Users/Engy/Downloads/vhdl/vhdl code/viterbi_decoder/viterbi.vhd" sub00/vhpl00 1625653389
AR test testbench_arch "C:/Users/Engy/Downloads/vhdl/vhdl code/viterbi_decoder/test.vhw" sub00/vhpl03 1625653458
EN test NULL "C:/Users/Engy/Downloads/vhdl/vhdl code/viterbi_decoder/test.vhw" sub00/vhpl02 1625653457
AR viterbi behavioral "C:/Users/Engy/Downloads/vhdl/vhdl code/viterbi_decoder/viterbi.vhd" sub00/vhpl01 1625653390
