V3 3
FL "C:/Users/Engy/Desktop/vhdl code/viterbi_decoder/viterbi.vhd" 2021/07/06.11:02:41 J.36
EN isim_temp/viterbi 1625562203 \
      FL "C:/Users/Engy/Desktop/vhdl code/viterbi_decoder/viterbi.vhd" \
      PB ieee/std_logic_1164 1179176983 PB ieee/std_logic_arith 1179176985 \
      PB ieee/NUMERIC_STD 1179176997
AR isim_temp/viterbi/Behavioral 1625562204 \
      FL "C:/Users/Engy/Desktop/vhdl code/viterbi_decoder/viterbi.vhd" \
      EN isim_temp/viterbi 1625562203
